2026-04-17 20:47:25,377 - src.masks - INFO - Проверка на ввод не пустой строки номера карты
2026-04-17 20:47:25,393 - src.masks - INFO - Проверка на корректность введенных данных номера карты
2026-04-17 20:47:25,393 - src.masks - INFO - Операция маскировки номера карты завершена успешно
2026-04-17 20:47:25,394 - src.masks - INFO - Проверка на ввод не пустой строки номера карты
2026-04-17 20:47:25,394 - src.masks - INFO - Проверка на корректность введенных данных номера карты
2026-04-17 20:47:25,394 - src.masks - INFO - Операция маскировки номера карты завершена успешно
2026-04-17 20:47:25,396 - src.masks - INFO - Проверка на ввод не пустой строки номера карты
2026-04-17 20:47:25,396 - src.masks - INFO - Проверка на корректность введенных данных номера карты
2026-04-17 20:47:25,396 - src.masks - INFO - Операция маскировки номера карты завершена успешно
2026-04-17 20:47:25,397 - src.masks - INFO - Проверка на ввод не пустой строки номера карты
2026-04-17 20:47:25,397 - src.masks - INFO - Проверка на корректность введенных данных номера карты
2026-04-17 20:47:25,397 - src.masks - INFO - Операция маскировки номера карты завершена успешно
2026-04-17 20:47:25,398 - src.masks - INFO - Проверка на ввод не пустой строки номера карты
2026-04-17 20:47:25,398 - src.masks - INFO - Проверка на корректность введенных данных номера карты
2026-04-17 20:47:25,398 - src.masks - INFO - Операция маскировки номера карты завершена успешно
2026-04-17 20:47:25,399 - src.masks - INFO - Проверка на ввод не пустой строки номера карты
2026-04-17 20:47:25,400 - src.masks - ERROR - Введенна пустая строка номера карты 
2026-04-17 20:47:25,401 - src.masks - INFO - Проверка на ввод не пустой строки номера карты
2026-04-17 20:47:25,401 - src.masks - INFO - Проверка на корректность введенных данных номера карты
2026-04-17 20:47:25,401 - src.masks - ERROR - Введены данные карты не верного типа: 4562kisj.64
2026-04-17 20:47:25,403 - src.masks - INFO - Проверка на ввод не пустой строки счета
2026-04-17 20:47:25,403 - src.masks - INFO - Проверка на корректность введенных данных номера счета
2026-04-17 20:47:25,403 - src.masks - INFO - Операция маскировки номера счета завершена успешно
2026-04-17 20:47:25,405 - src.masks - INFO - Проверка на ввод не пустой строки счета
2026-04-17 20:47:25,405 - src.masks - INFO - Проверка на корректность введенных данных номера счета
2026-04-17 20:47:25,405 - src.masks - INFO - Операция маскировки номера счета завершена успешно
2026-04-17 20:47:25,406 - src.masks - INFO - Проверка на ввод не пустой строки счета
2026-04-17 20:47:25,406 - src.masks - INFO - Проверка на корректность введенных данных номера счета
2026-04-17 20:47:25,406 - src.masks - INFO - Операция маскировки номера счета завершена успешно
2026-04-17 20:47:25,408 - src.masks - INFO - Проверка на ввод не пустой строки счета
2026-04-17 20:47:25,408 - src.masks - INFO - Проверка на корректность введенных данных номера счета
2026-04-17 20:47:25,408 - src.masks - INFO - Операция маскировки номера счета завершена успешно
2026-04-17 20:47:25,409 - src.masks - INFO - Проверка на ввод не пустой строки счета
2026-04-17 20:47:25,409 - src.masks - ERROR - Введенна пустая строка счета 
2026-04-17 20:47:25,410 - src.masks - INFO - Проверка на ввод не пустой строки счета
2026-04-17 20:47:25,410 - src.masks - INFO - Проверка на корректность введенных данных номера счета
2026-04-17 20:47:25,410 - src.masks - ERROR - Введены данные не верного типа счета: 4562kisj.64
2026-04-17 20:47:25,515 - src.masks - INFO - Проверка на ввод не пустой строки счета
2026-04-17 20:47:25,515 - src.masks - INFO - Проверка на корректность введенных данных номера счета
2026-04-17 20:47:25,515 - src.masks - INFO - Операция маскировки номера счета завершена успешно
2026-04-17 20:47:25,517 - src.masks - INFO - Проверка на ввод не пустой строки счета
2026-04-17 20:47:25,517 - src.masks - INFO - Проверка на корректность введенных данных номера счета
2026-04-17 20:47:25,517 - src.masks - INFO - Операция маскировки номера счета завершена успешно
2026-04-17 20:47:25,518 - src.masks - INFO - Проверка на ввод не пустой строки счета
2026-04-17 20:47:25,518 - src.masks - INFO - Проверка на корректность введенных данных номера счета
2026-04-17 20:47:25,518 - src.masks - INFO - Операция маскировки номера счета завершена успешно
2026-04-17 20:47:25,520 - src.masks - INFO - Проверка на ввод не пустой строки счета
2026-04-17 20:47:25,520 - src.masks - ERROR - Введенна пустая строка счета 
2026-04-17 20:47:25,521 - src.masks - INFO - Проверка на ввод не пустой строки номера карты
2026-04-17 20:47:25,521 - src.masks - INFO - Проверка на корректность введенных данных номера карты
2026-04-17 20:47:25,521 - src.masks - INFO - Операция маскировки номера карты завершена успешно
2026-04-17 20:47:25,523 - src.masks - INFO - Проверка на ввод не пустой строки номера карты
2026-04-17 20:47:25,523 - src.masks - ERROR - Введенна пустая строка номера карты 
